2026-09-27 18:50:23,207 [INFO] ================================================================================
2026-09-27 18:50:23,207 [INFO] PHASE 7C: FULL-SCALE TEST INFERENCE — INDIA ONLY
2026-09-27 18:50:23,208 [INFO] ================================================================================
2026-09-27 18:50:23,208 [INFO] Country Target:          INDIA ONLY
2026-09-27 18:50:23,208 [INFO] Blocker Keys:            ['A', 'C', 'D', 'E', 'F']
2026-09-27 18:50:23,209 [INFO] Max Block Size Cap:      5000
2026-09-27 18:50:23,209 [INFO] Decision Threshold:      0.88
2026-09-27 18:50:23,210 [INFO] S1 Chunk Size:           50000
2026-09-27 18:50:23,210 [INFO] Batch Size:              50000
2026-09-27 18:50:23,210 [INFO] Checkpoint Dir:          output/checkpoints
2026-09-27 18:50:23,211 [INFO] Candidate Output:        output/candidate_pairs.tsv
2026-09-27 18:50:23,211 [INFO] ================================================================================
2026-09-27 18:50:23,211 [INFO] ================================================================================
2026-09-27 18:50:23,211 [INFO] INSPECTING EXISTING OUTPUT AND CHECKPOINT STRUCTURE
2026-09-27 18:50:23,212 [INFO] ================================================================================
2026-09-27 18:50:23,215 [INFO] Confirmed: France and United States test candidate pairs exist in output/candidate_pairs.tsv.
2026-09-27 18:50:23,215 [INFO] Confirmed: France and United States are EXCLUDED from this inference run.
2026-09-27 18:50:23,218 [INFO] Loading frozen LightGBM model from models/final_lightgbm_model.pkl...
2026-09-27 18:50:23,251 [INFO] Frozen LightGBM model loaded successfully.
2026-09-27 18:50:23,260 [INFO] Loaded 1142 precomputed oversized keys.
2026-09-27 18:50:23,273 [INFO] Loading all Source 1 records for country 'india'...
2026-09-27 18:50:27,367 [INFO] Loaded 809986 S1 India records (186.6 MB) in 4.1s.
2026-09-27 18:50:27,370 [INFO] Processing 809986 India S1 entities across 17 chunks of 50000...

2026-09-27 18:54:34,751 [INFO] Extracting unified features for 50,000 candidate pairs...
2026-09-27 18:54:46,144 [INFO] Successfully generated full feature matrix: 32 columns, 50000 rows.
2026-09-27 18:54:59,366 [INFO] Extracting unified features for 50,000 candidate pairs...
2026-09-27 18:55:10,299 [INFO] Successfully generated full feature matrix: 32 columns, 50000 rows.
2026-09-27 18:55:23,571 [INFO] Extracting unified features for 50,000 candidate pairs...
2026-09-27 18:55:33,358 [INFO] Successfully generated full feature matrix: 32 columns, 50000 rows.
2026-09-27 18:55:47,252 [INFO] Extracting unified features for 50,000 candidate pairs...
2026-09-27 18:55:56,955 [INFO] Successfully generated full feature matrix: 32 columns, 50000 rows.
2026-09-27 18:56:10,817 [INFO] Extracting unified features for 50,000 candidate pairs...
2026-09-27 18:56:21,461 [INFO] Successfully generated full feature matrix: 32 columns, 50000 rows.
2026-09-27 18:56:35,186 [INFO] Extracting unified features for 50,000 candidate pairs...
2026-09-27 18:56:45,536 [INFO] Successfully generated full feature matrix: 32 columns, 50000 rows.
2026-09-27 18:56:57,900 [INFO] Extracting unified features for 50,000 candidate pairs...
2026-09-27 18:57:07,381 [INFO] Successfully generated full feature matrix: 32 columns, 50000 rows.
2026-09-27 18:57:19,658 [INFO] Extracting unified features for 50,000 candidate pairs...
2026-09-27 18:57:29,008 [INFO] Successfully generated full feature matrix: 32 columns, 50000 rows.
2026-09-27 18:57:41,490 [INFO] Extracting unified features for 50,000 candidate pairs...
2026-09-27 18:57:51,745 [INFO] Successfully generated full feature matrix: 32 columns, 50000 rows.
2026-09-27 18:58:03,201 [INFO] Extracting unified features for 50,000 candidate pairs...
2026-09-27 18:58:13,545 [INFO] Successfully generated full feature matrix: 32 columns, 50000 rows.
2026-09-27 18:58:25,943 [INFO] Extracting unified features for 50,000 candidate pairs...
2026-09-27 18:58:35,139 [INFO] Successfully generated full feature matrix: 32 columns, 50000 rows.
2026-09-27 18:58:49,282 [INFO] Extracting unified features for 50,000 candidate pairs...
2026-09-27 18:59:00,229 [INFO] Successfully generated full feature matrix: 32 columns, 50000 rows.
2026-09-27 18:59:13,950 [INFO] Extracting unified features for 50,000 candidate pairs...
2026-09-27 18:59:23,704 [INFO] Successfully generated full feature matrix: 32 columns, 50000 rows.
2026-09-27 18:59:35,389 [INFO] Extracting unified features for 50,000 candidate pairs...
2026-09-27 18:59:45,550 [INFO] Successfully generated full feature matrix: 32 columns, 50000 rows.
2026-09-27 18:59:57,952 [INFO] Extracting unified features for 50,000 candidate pairs...
2026-09-27 19:00:07,338 [INFO] Successfully generated full feature matrix: 32 columns, 50000 rows.
2026-09-27 19:00:19,714 [INFO] Extracting unified features for 50,000 candidate pairs...
2026-09-27 19:00:30,005 [INFO] Successfully generated full feature matrix: 32 columns, 50000 rows.
2026-09-27 19:00:42,036 [INFO] Extracting unified features for 50,000 candidate pairs...
2026-09-27 19:00:52,290 [INFO] Successfully generated full feature matrix: 32 columns, 50000 rows.
2026-09-27 19:01:04,724 [INFO] Extracting unified features for 50,000 candidate pairs...
2026-09-27 19:01:14,223 [INFO] Successfully generated full feature matrix: 32 columns, 50000 rows.
2026-09-27 19:01:26,736 [INFO] Extracting unified features for 50,000 candidate pairs...
2026-09-27 19:01:36,997 [INFO] Successfully generated full feature matrix: 32 columns, 50000 rows.
2026-09-27 19:01:48,372 [INFO] Extracting unified features for 50,000 candidate pairs...
2026-09-27 19:01:58,693 [INFO] Successfully generated full feature matrix: 32 columns, 50000 rows.
2026-09-27 19:02:12,379 [INFO] Extracting unified features for 50,000 candidate pairs...
2026-09-27 19:02:22,893 [INFO] Successfully generated full feature matrix: 32 columns, 50000 rows.
2026-09-27 19:02:36,059 [INFO] Extracting unified features for 50,000 candidate pairs...
2026-09-27 19:02:46,830 [INFO] Successfully generated full feature matrix: 32 columns, 50000 rows.
2026-09-27 19:03:02,686 [INFO] Extracting unified features for 50,000 candidate pairs...
2026-09-27 19:03:12,635 [INFO] Successfully generated full feature matrix: 32 columns, 50000 rows.
2026-09-27 19:03:24,769 [INFO] Extracting unified features for 50,000 candidate pairs...
2026-09-27 19:03:35,150 [INFO] Successfully generated full feature matrix: 32 columns, 50000 rows.
2026-09-27 19:03:46,507 [INFO] Extracting unified features for 50,000 candidate pairs...
2026-09-27 19:03:56,821 [INFO] Successfully generated full feature matrix: 32 columns, 50000 rows.
2026-09-27 19:04:09,152 [INFO] Extracting unified features for 50,000 candidate pairs...
2026-09-27 19:04:18,440 [INFO] Successfully generated full feature matrix: 32 columns, 50000 rows.
2026-09-27 19:04:31,472 [INFO] Extracting unified features for 50,000 candidate pairs...
2026-09-27 19:04:41,661 [INFO] Successfully generated full feature matrix: 32 columns, 50000 rows.
2026-09-27 19:04:53,010 [INFO] Extracting unified features for 50,000 candidate pairs...
2026-09-27 19:05:03,373 [INFO] Successfully generated full feature matrix: 32 columns, 50000 rows.
2026-09-27 19:05:13,060 [INFO] Extracting unified features for 32,920 candidate pairs...
2026-09-27 19:05:18,881 [INFO] Successfully generated full feature matrix: 32 columns, 32920 rows.
2026-09-27 19:05:22,824 [INFO] [India Chunk  1/17] 50000 S1 -> 1432920 pairs | Feat: 618.7s (2316.1 pairs/s) | Infer: 5.9s | Matches: 90607 (S2: 48361, S3: 42246) | RSS: 5650.8 MB
2026-09-27 19:05:24,163 [INFO] --> [Progress] Completed Chunk 1/17 | Chunk Matches: 90607 | Cumulative Matches: 90607

2026-09-27 19:09:41,839 [INFO] Extracting unified features for 50,000 candidate pairs...
2026-09-27 19:09:51,415 [INFO] Successfully generated full feature matrix: 32 columns, 50000 rows.
2026-09-27 19:10:04,905 [INFO] Extracting unified features for 50,000 candidate pairs...
2026-09-27 19:10:15,377 [INFO] Successfully generated full feature matrix: 32 columns, 50000 rows.
2026-09-27 19:10:30,040 [INFO] Extracting unified features for 50,000 candidate pairs...
2026-09-27 19:10:40,895 [INFO] Successfully generated full feature matrix: 32 columns, 50000 rows.
2026-09-27 19:11:00,642 [INFO] Extracting unified features for 50,000 candidate pairs...
2026-09-27 19:11:11,675 [INFO] Successfully generated full feature matrix: 32 columns, 50000 rows.
2026-09-27 19:11:24,632 [INFO] Extracting unified features for 50,000 candidate pairs...
2026-09-27 19:11:35,541 [INFO] Successfully generated full feature matrix: 32 columns, 50000 rows.
2026-09-27 19:11:52,644 [INFO] Extracting unified features for 50,000 candidate pairs...
2026-09-27 19:12:04,161 [INFO] Successfully generated full feature matrix: 32 columns, 50000 rows.
2026-09-27 19:12:19,268 [INFO] Extracting unified features for 50,000 candidate pairs...
2026-09-27 19:12:29,499 [INFO] Successfully generated full feature matrix: 32 columns, 50000 rows.
2026-09-27 19:12:43,444 [INFO] Extracting unified features for 50,000 candidate pairs...
2026-09-27 19:12:55,303 [INFO] Successfully generated full feature matrix: 32 columns, 50000 rows.
2026-09-27 19:13:09,133 [INFO] Extracting unified features for 50,000 candidate pairs...
2026-09-27 19:13:19,927 [INFO] Successfully generated full feature matrix: 32 columns, 50000 rows.
2026-09-27 19:13:33,405 [INFO] Extracting unified features for 50,000 candidate pairs...
2026-09-27 19:13:44,087 [INFO] Successfully generated full feature matrix: 32 columns, 50000 rows.
2026-09-27 19:13:55,793 [INFO] Extracting unified features for 50,000 candidate pairs...
2026-09-27 19:14:06,230 [INFO] Successfully generated full feature matrix: 32 columns, 50000 rows.
2026-09-27 19:14:19,395 [INFO] Extracting unified features for 50,000 candidate pairs...
2026-09-27 19:14:28,125 [INFO] Successfully generated full feature matrix: 32 columns, 50000 rows.
2026-09-27 19:14:40,920 [INFO] Extracting unified features for 50,000 candidate pairs...
2026-09-27 19:14:51,266 [INFO] Successfully generated full feature matrix: 32 columns, 50000 rows.
2026-09-27 19:15:02,821 [INFO] Extracting unified features for 50,000 candidate pairs...
2026-09-27 19:15:13,246 [INFO] Successfully generated full feature matrix: 32 columns, 50000 rows.
2026-09-27 19:15:25,748 [INFO] Extracting unified features for 50,000 candidate pairs...
2026-09-27 19:15:35,028 [INFO] Successfully generated full feature matrix: 32 columns, 50000 rows.
2026-09-27 19:15:48,007 [INFO] Extracting unified features for 50,000 candidate pairs...
2026-09-27 19:15:58,338 [INFO] Successfully generated full feature matrix: 32 columns, 50000 rows.
2026-09-27 19:16:10,135 [INFO] Extracting unified features for 50,000 candidate pairs...
2026-09-27 19:16:20,440 [INFO] Successfully generated full feature matrix: 32 columns, 50000 rows.
2026-09-27 19:16:32,094 [INFO] Extracting unified features for 50,000 candidate pairs...
2026-09-27 19:16:42,347 [INFO] Successfully generated full feature matrix: 32 columns, 50000 rows.
2026-09-27 19:16:55,054 [INFO] Extracting unified features for 50,000 candidate pairs...
2026-09-27 19:17:04,453 [INFO] Successfully generated full feature matrix: 32 columns, 50000 rows.
2026-09-27 19:17:17,572 [INFO] Extracting unified features for 50,000 candidate pairs...
2026-09-27 19:17:27,976 [INFO] Successfully generated full feature matrix: 32 columns, 50000 rows.
2026-09-27 19:17:39,619 [INFO] Extracting unified features for 50,000 candidate pairs...
2026-09-27 19:17:50,075 [INFO] Successfully generated full feature matrix: 32 columns, 50000 rows.
2026-09-27 19:18:02,810 [INFO] Extracting unified features for 50,000 candidate pairs...
2026-09-27 19:18:12,104 [INFO] Successfully generated full feature matrix: 32 columns, 50000 rows.
2026-09-27 19:18:24,717 [INFO] Extracting unified features for 50,000 candidate pairs...
2026-09-27 19:18:35,010 [INFO] Successfully generated full feature matrix: 32 columns, 50000 rows.
2026-09-27 19:18:46,447 [INFO] Extracting unified features for 50,000 candidate pairs...
2026-09-27 19:18:56,785 [INFO] Successfully generated full feature matrix: 32 columns, 50000 rows.
2026-09-27 19:19:08,302 [INFO] Extracting unified features for 50,000 candidate pairs...
2026-09-27 19:19:18,615 [INFO] Successfully generated full feature matrix: 32 columns, 50000 rows.
2026-09-27 19:19:31,053 [INFO] Extracting unified features for 50,000 candidate pairs...
2026-09-27 19:19:40,324 [INFO] Successfully generated full feature matrix: 32 columns, 50000 rows.
2026-09-27 19:19:53,572 [INFO] Extracting unified features for 50,000 candidate pairs...
2026-09-27 19:20:03,993 [INFO] Successfully generated full feature matrix: 32 columns, 50000 rows.
2026-09-27 19:20:15,670 [INFO] Extracting unified features for 50,000 candidate pairs...
2026-09-27 19:20:26,108 [INFO] Successfully generated full feature matrix: 32 columns, 50000 rows.
2026-09-27 19:20:34,137 [INFO] Extracting unified features for 23,490 candidate pairs...
2026-09-27 19:20:39,175 [INFO] Successfully generated full feature matrix: 32 columns, 23490 rows.
2026-09-27 19:20:41,862 [INFO] [India Chunk  2/17] 50000 S1 -> 1423490 pairs | Feat: 627.7s (2267.8 pairs/s) | Infer: 5.8s | Matches: 90690 (S2: 48162, S3: 42528) | RSS: 5697.0 MB
2026-09-27 19:20:42,835 [INFO] --> [Progress] Completed Chunk 2/17 | Chunk Matches: 90690 | Cumulative Matches: 181297

2026-09-27 19:24:52,550 [INFO] Extracting unified features for 50,000 candidate pairs...
2026-09-27 19:25:02,915 [INFO] Successfully generated full feature matrix: 32 columns, 50000 rows.
2026-09-27 19:25:15,376 [INFO] Extracting unified features for 50,000 candidate pairs...
2026-09-27 19:25:25,463 [INFO] Successfully generated full feature matrix: 32 columns, 50000 rows.
2026-09-27 19:25:37,646 [INFO] Extracting unified features for 50,000 candidate pairs...
2026-09-27 19:25:48,245 [INFO] Successfully generated full feature matrix: 32 columns, 50000 rows.
2026-09-27 19:25:59,875 [INFO] Extracting unified features for 50,000 candidate pairs...
2026-09-27 19:26:10,234 [INFO] Successfully generated full feature matrix: 32 columns, 50000 rows.
2026-09-27 19:26:22,488 [INFO] Extracting unified features for 50,000 candidate pairs...
2026-09-27 19:26:31,983 [INFO] Successfully generated full feature matrix: 32 columns, 50000 rows.
2026-09-27 19:26:44,461 [INFO] Extracting unified features for 50,000 candidate pairs...
2026-09-27 19:26:54,934 [INFO] Successfully generated full feature matrix: 32 columns, 50000 rows.
2026-09-27 19:27:07,109 [INFO] Extracting unified features for 50,000 candidate pairs...
2026-09-27 19:27:17,456 [INFO] Successfully generated full feature matrix: 32 columns, 50000 rows.
2026-09-27 19:27:29,135 [INFO] Extracting unified features for 50,000 candidate pairs...
2026-09-27 19:27:39,399 [INFO] Successfully generated full feature matrix: 32 columns, 50000 rows.
2026-09-27 19:27:51,837 [INFO] Extracting unified features for 50,000 candidate pairs...
2026-09-27 19:28:01,229 [INFO] Successfully generated full feature matrix: 32 columns, 50000 rows.
2026-09-27 19:28:13,827 [INFO] Extracting unified features for 50,000 candidate pairs...
2026-09-27 19:28:24,348 [INFO] Successfully generated full feature matrix: 32 columns, 50000 rows.
2026-09-27 19:28:35,825 [INFO] Extracting unified features for 50,000 candidate pairs...
2026-09-27 19:28:46,241 [INFO] Successfully generated full feature matrix: 32 columns, 50000 rows.
2026-09-27 19:28:58,833 [INFO] Extracting unified features for 50,000 candidate pairs...
2026-09-27 19:29:08,152 [INFO] Successfully generated full feature matrix: 32 columns, 50000 rows.
2026-09-27 19:29:21,214 [INFO] Extracting unified features for 50,000 candidate pairs...
2026-09-27 19:29:31,503 [INFO] Successfully generated full feature matrix: 32 columns, 50000 rows.
2026-09-27 19:29:43,094 [INFO] Extracting unified features for 50,000 candidate pairs...
2026-09-27 19:29:53,325 [INFO] Successfully generated full feature matrix: 32 columns, 50000 rows.
2026-09-27 19:30:04,700 [INFO] Extracting unified features for 50,000 candidate pairs...
2026-09-27 19:30:14,922 [INFO] Successfully generated full feature matrix: 32 columns, 50000 rows.
2026-09-27 19:30:27,647 [INFO] Extracting unified features for 50,000 candidate pairs...
2026-09-27 19:30:36,968 [INFO] Successfully generated full feature matrix: 32 columns, 50000 rows.
2026-09-27 19:30:49,924 [INFO] Extracting unified features for 50,000 candidate pairs...
2026-09-27 19:31:00,359 [INFO] Successfully generated full feature matrix: 32 columns, 50000 rows.
2026-09-27 19:31:11,768 [INFO] Extracting unified features for 50,000 candidate pairs...
2026-09-27 19:31:21,986 [INFO] Successfully generated full feature matrix: 32 columns, 50000 rows.
2026-09-27 19:31:34,468 [INFO] Extracting unified features for 50,000 candidate pairs...
2026-09-27 19:31:43,683 [INFO] Successfully generated full feature matrix: 32 columns, 50000 rows.
2026-09-27 19:31:56,240 [INFO] Extracting unified features for 50,000 candidate pairs...
2026-09-27 19:32:06,469 [INFO] Successfully generated full feature matrix: 32 columns, 50000 rows.
2026-09-27 19:32:17,625 [INFO] Extracting unified features for 50,000 candidate pairs...
2026-09-27 19:32:27,974 [INFO] Successfully generated full feature matrix: 32 columns, 50000 rows.
2026-09-27 19:32:40,888 [INFO] Extracting unified features for 50,000 candidate pairs...
2026-09-27 19:32:49,559 [INFO] Successfully generated full feature matrix: 32 columns, 50000 rows.
2026-09-27 19:33:02,513 [INFO] Extracting unified features for 50,000 candidate pairs...
2026-09-27 19:33:11,619 [INFO] Successfully generated full feature matrix: 32 columns, 50000 rows.
2026-09-27 19:33:24,423 [INFO] Extracting unified features for 50,000 candidate pairs...
2026-09-27 19:33:34,569 [INFO] Successfully generated full feature matrix: 32 columns, 50000 rows.
2026-09-27 19:33:45,768 [INFO] Extracting unified features for 50,000 candidate pairs...
2026-09-27 19:33:56,011 [INFO] Successfully generated full feature matrix: 32 columns, 50000 rows.
2026-09-27 19:34:09,163 [INFO] Extracting unified features for 50,000 candidate pairs...
2026-09-27 19:34:18,405 [INFO] Successfully generated full feature matrix: 32 columns, 50000 rows.
2026-09-27 19:34:30,936 [INFO] Extracting unified features for 50,000 candidate pairs...
2026-09-27 19:34:41,082 [INFO] Successfully generated full feature matrix: 32 columns, 50000 rows.
2026-09-27 19:34:52,699 [INFO] Extracting unified features for 50,000 candidate pairs...
2026-09-27 19:35:02,978 [INFO] Successfully generated full feature matrix: 32 columns, 50000 rows.
2026-09-27 19:35:10,532 [INFO] Extracting unified features for 25,625 candidate pairs...
2026-09-27 19:35:16,494 [INFO] Successfully generated full feature matrix: 32 columns, 25625 rows.
2026-09-27 19:35:18,803 [INFO] [India Chunk  3/17] 50000 S1 -> 1425625 pairs | Feat: 597.0s (2388.0 pairs/s) | Infer: 4.3s | Matches: 90013 (S2: 47676, S3: 42337) | RSS: 5697.0 MB
2026-09-27 19:35:19,550 [INFO] --> [Progress] Completed Chunk 3/17 | Chunk Matches: 90013 | Cumulative Matches: 271310

2026-09-27 19:39:23,633 [INFO] Extracting unified features for 50,000 candidate pairs...
2026-09-27 19:39:32,898 [INFO] Successfully generated full feature matrix: 32 columns, 50000 rows.
2026-09-27 19:39:44,898 [INFO] Extracting unified features for 50,000 candidate pairs...
2026-09-27 19:39:56,023 [INFO] Successfully generated full feature matrix: 32 columns, 50000 rows.
2026-09-27 19:40:07,104 [INFO] Extracting unified features for 50,000 candidate pairs...
2026-09-27 19:40:17,944 [INFO] Successfully generated full feature matrix: 32 columns, 50000 rows.
2026-09-27 19:40:32,987 [INFO] Extracting unified features for 50,000 candidate pairs...
2026-09-27 19:40:47,983 [INFO] Successfully generated full feature matrix: 32 columns, 50000 rows.
2026-09-27 19:41:04,857 [INFO] Extracting unified features for 50,000 candidate pairs...
2026-09-27 19:41:16,868 [INFO] Successfully generated full feature matrix: 32 columns, 50000 rows.
2026-09-27 19:41:30,727 [INFO] Extracting unified features for 50,000 candidate pairs...
2026-09-27 19:41:41,465 [INFO] Successfully generated full feature matrix: 32 columns, 50000 rows.
2026-09-27 19:41:55,035 [INFO] Extracting unified features for 50,000 candidate pairs...
2026-09-27 19:42:04,571 [INFO] Successfully generated full feature matrix: 32 columns, 50000 rows.
2026-09-27 19:42:18,812 [INFO] Extracting unified features for 50,000 candidate pairs...
2026-09-27 19:42:30,464 [INFO] Successfully generated full feature matrix: 32 columns, 50000 rows.
2026-09-27 19:42:47,420 [INFO] Extracting unified features for 50,000 candidate pairs...
2026-09-27 19:42:58,733 [INFO] Successfully generated full feature matrix: 32 columns, 50000 rows.
2026-09-27 19:43:12,846 [INFO] Extracting unified features for 50,000 candidate pairs...
2026-09-27 19:43:23,481 [INFO] Successfully generated full feature matrix: 32 columns, 50000 rows.
2026-09-27 19:43:36,866 [INFO] Extracting unified features for 50,000 candidate pairs...
2026-09-27 19:43:49,546 [INFO] Successfully generated full feature matrix: 32 columns, 50000 rows.
2026-09-27 19:44:05,870 [INFO] Extracting unified features for 50,000 candidate pairs...
2026-09-27 19:44:16,442 [INFO] Successfully generated full feature matrix: 32 columns, 50000 rows.
2026-09-27 19:44:31,448 [INFO] Extracting unified features for 50,000 candidate pairs...
2026-09-27 19:44:40,996 [INFO] Successfully generated full feature matrix: 32 columns, 50000 rows.
2026-09-27 19:44:56,459 [INFO] Extracting unified features for 50,000 candidate pairs...
2026-09-27 19:45:08,201 [INFO] Successfully generated full feature matrix: 32 columns, 50000 rows.
2026-09-27 19:45:22,255 [INFO] Extracting unified features for 50,000 candidate pairs...
2026-09-27 19:45:36,832 [INFO] Successfully generated full feature matrix: 32 columns, 50000 rows.
2026-09-27 19:45:54,469 [INFO] Extracting unified features for 50,000 candidate pairs...
2026-09-27 19:46:05,734 [INFO] Successfully generated full feature matrix: 32 columns, 50000 rows.
2026-09-27 19:46:19,395 [INFO] Extracting unified features for 50,000 candidate pairs...
2026-09-27 19:46:30,067 [INFO] Successfully generated full feature matrix: 32 columns, 50000 rows.
2026-09-27 19:46:43,497 [INFO] Extracting unified features for 50,000 candidate pairs...
2026-09-27 19:46:54,191 [INFO] Successfully generated full feature matrix: 32 columns, 50000 rows.
2026-09-27 19:47:10,376 [INFO] Extracting unified features for 50,000 candidate pairs...
2026-09-27 19:47:19,987 [INFO] Successfully generated full feature matrix: 32 columns, 50000 rows.
2026-09-27 19:47:33,485 [INFO] Extracting unified features for 50,000 candidate pairs...
2026-09-27 19:47:43,961 [INFO] Successfully generated full feature matrix: 32 columns, 50000 rows.
2026-09-27 19:47:56,625 [INFO] Extracting unified features for 50,000 candidate pairs...
2026-09-27 19:48:10,272 [INFO] Successfully generated full feature matrix: 32 columns, 50000 rows.
2026-09-27 19:48:22,554 [INFO] Extracting unified features for 50,000 candidate pairs...
2026-09-27 19:48:33,025 [INFO] Successfully generated full feature matrix: 32 columns, 50000 rows.
2026-09-27 19:48:46,119 [INFO] Extracting unified features for 50,000 candidate pairs...
2026-09-27 19:48:55,570 [INFO] Successfully generated full feature matrix: 32 columns, 50000 rows.
2026-09-27 19:49:08,923 [INFO] Extracting unified features for 50,000 candidate pairs...
2026-09-27 19:49:19,287 [INFO] Successfully generated full feature matrix: 32 columns, 50000 rows.
2026-09-27 19:49:31,151 [INFO] Extracting unified features for 50,000 candidate pairs...
2026-09-27 19:49:41,961 [INFO] Successfully generated full feature matrix: 32 columns, 50000 rows.
2026-09-27 19:49:54,000 [INFO] Extracting unified features for 50,000 candidate pairs...
2026-09-27 19:50:04,669 [INFO] Successfully generated full feature matrix: 32 columns, 50000 rows.
2026-09-27 19:50:17,625 [INFO] Extracting unified features for 50,000 candidate pairs...
2026-09-27 19:50:27,374 [INFO] Successfully generated full feature matrix: 32 columns, 50000 rows.
2026-09-27 19:50:43,756 [INFO] Extracting unified features for 50,000 candidate pairs...
2026-09-27 19:50:53,329 [INFO] Successfully generated full feature matrix: 32 columns, 50000 rows.
2026-09-27 19:51:01,777 [INFO] Extracting unified features for 26,675 candidate pairs...
2026-09-27 19:51:08,199 [INFO] Successfully generated full feature matrix: 32 columns, 26675 rows.
2026-09-27 19:51:13,494 [INFO] [India Chunk  4/17] 50000 S1 -> 1426675 pairs | Feat: 670.7s (2127.3 pairs/s) | Infer: 6.4s | Matches: 90806 (S2: 48282, S3: 42524) | RSS: 5805.2 MB
2026-09-27 19:51:15,023 [INFO] --> [Progress] Completed Chunk 4/17 | Chunk Matches: 90806 | Cumulative Matches: 362116

2026-09-27 19:55:40,747 [INFO] Extracting unified features for 50,000 candidate pairs...
2026-09-27 19:55:51,989 [INFO] Successfully generated full feature matrix: 32 columns, 50000 rows.
2026-09-27 19:56:06,953 [INFO] Extracting unified features for 50,000 candidate pairs...
2026-09-27 19:56:17,657 [INFO] Successfully generated full feature matrix: 32 columns, 50000 rows.
2026-09-27 19:56:31,762 [INFO] Extracting unified features for 50,000 candidate pairs...
2026-09-27 19:56:41,255 [INFO] Successfully generated full feature matrix: 32 columns, 50000 rows.
2026-09-27 19:56:54,118 [INFO] Extracting unified features for 50,000 candidate pairs...
2026-09-27 19:57:05,114 [INFO] Successfully generated full feature matrix: 32 columns, 50000 rows.
2026-09-27 19:57:16,918 [INFO] Extracting unified features for 50,000 candidate pairs...
2026-09-27 19:57:27,576 [INFO] Successfully generated full feature matrix: 32 columns, 50000 rows.
2026-09-27 19:57:39,349 [INFO] Extracting unified features for 50,000 candidate pairs...
2026-09-27 19:57:52,981 [INFO] Successfully generated full feature matrix: 32 columns, 50000 rows.
2026-09-27 19:58:06,103 [INFO] Extracting unified features for 50,000 candidate pairs...
2026-09-27 19:58:15,460 [INFO] Successfully generated full feature matrix: 32 columns, 50000 rows.
2026-09-27 19:58:28,022 [INFO] Extracting unified features for 50,000 candidate pairs...
2026-09-27 19:58:38,519 [INFO] Successfully generated full feature matrix: 32 columns, 50000 rows.
2026-09-27 19:58:50,608 [INFO] Extracting unified features for 50,000 candidate pairs...
2026-09-27 19:59:01,214 [INFO] Successfully generated full feature matrix: 32 columns, 50000 rows.
2026-09-27 19:59:12,601 [INFO] Extracting unified features for 50,000 candidate pairs...
2026-09-27 19:59:23,077 [INFO] Successfully generated full feature matrix: 32 columns, 50000 rows.
2026-09-27 19:59:35,682 [INFO] Extracting unified features for 50,000 candidate pairs...
2026-09-27 19:59:44,934 [INFO] Successfully generated full feature matrix: 32 columns, 50000 rows.
2026-09-27 19:59:57,354 [INFO] Extracting unified features for 50,000 candidate pairs...
2026-09-27 20:00:07,840 [INFO] Successfully generated full feature matrix: 32 columns, 50000 rows.
2026-09-27 20:00:19,714 [INFO] Extracting unified features for 50,000 candidate pairs...
2026-09-27 20:00:30,263 [INFO] Successfully generated full feature matrix: 32 columns, 50000 rows.
2026-09-27 20:00:42,784 [INFO] Extracting unified features for 50,000 candidate pairs...
2026-09-27 20:00:52,077 [INFO] Successfully generated full feature matrix: 32 columns, 50000 rows.
2026-09-27 20:01:04,717 [INFO] Extracting unified features for 50,000 candidate pairs...
2026-09-27 20:01:15,104 [INFO] Successfully generated full feature matrix: 32 columns, 50000 rows.
2026-09-27 20:01:26,776 [INFO] Extracting unified features for 50,000 candidate pairs...
2026-09-27 20:01:37,101 [INFO] Successfully generated full feature matrix: 32 columns, 50000 rows.
2026-09-27 20:01:48,861 [INFO] Extracting unified features for 50,000 candidate pairs...
2026-09-27 20:02:01,858 [INFO] Successfully generated full feature matrix: 32 columns, 50000 rows.
2026-09-27 20:02:15,068 [INFO] Extracting unified features for 50,000 candidate pairs...
2026-09-27 20:02:24,868 [INFO] Successfully generated full feature matrix: 32 columns, 50000 rows.
2026-09-27 20:02:38,377 [INFO] Extracting unified features for 50,000 candidate pairs...
2026-09-27 20:02:50,138 [INFO] Successfully generated full feature matrix: 32 columns, 50000 rows.
2026-09-27 20:03:04,500 [INFO] Extracting unified features for 50,000 candidate pairs...
2026-09-27 20:03:18,118 [INFO] Successfully generated full feature matrix: 32 columns, 50000 rows.
2026-09-27 20:03:32,869 [INFO] Extracting unified features for 50,000 candidate pairs...
2026-09-27 20:03:44,582 [INFO] Successfully generated full feature matrix: 32 columns, 50000 rows.
2026-09-27 20:03:59,433 [INFO] Extracting unified features for 50,000 candidate pairs...
2026-09-27 20:04:10,829 [INFO] Successfully generated full feature matrix: 32 columns, 50000 rows.
2026-09-27 20:04:25,551 [INFO] Extracting unified features for 50,000 candidate pairs...
2026-09-27 20:04:37,416 [INFO] Successfully generated full feature matrix: 32 columns, 50000 rows.
2026-09-27 20:04:51,921 [INFO] Extracting unified features for 50,000 candidate pairs...
2026-09-27 20:05:02,145 [INFO] Successfully generated full feature matrix: 32 columns, 50000 rows.
2026-09-27 20:05:16,769 [INFO] Extracting unified features for 50,000 candidate pairs...
2026-09-27 20:05:28,283 [INFO] Successfully generated full feature matrix: 32 columns, 50000 rows.
2026-09-27 20:05:53,516 [INFO] Extracting unified features for 50,000 candidate pairs...
2026-09-27 20:06:06,490 [INFO] Successfully generated full feature matrix: 32 columns, 50000 rows.
2026-09-27 20:06:37,279 [INFO] Extracting unified features for 50,000 candidate pairs...
2026-09-27 20:06:50,386 [INFO] Successfully generated full feature matrix: 32 columns, 50000 rows.
2026-09-27 20:07:52,904 [INFO] Extracting unified features for 50,000 candidate pairs...
2026-09-27 20:08:08,608 [INFO] Successfully generated full feature matrix: 32 columns, 50000 rows.
2026-09-27 20:08:32,735 [INFO] Extracting unified features for 10,910 candidate pairs...
2026-09-27 20:08:35,962 [INFO] Successfully generated full feature matrix: 32 columns, 10910 rows.
2026-09-27 20:08:47,439 [INFO] [India Chunk  5/17] 50000 S1 -> 1410910 pairs | Feat: 735.4s (1918.7 pairs/s) | Infer: 6.6s | Matches: 90423 (S2: 47970, S3: 42453) | RSS: 5805.2 MB
2026-09-27 20:08:53,485 [INFO] --> [Progress] Completed Chunk 5/17 | Chunk Matches: 90423 | Cumulative Matches: 452539

2026-09-27 20:14:46,637 [INFO] Extracting unified features for 50,000 candidate pairs...
2026-09-27 20:14:58,533 [INFO] Successfully generated full feature matrix: 32 columns, 50000 rows.
2026-09-27 20:15:17,276 [INFO] Extracting unified features for 50,000 candidate pairs...
2026-09-27 20:15:31,890 [INFO] Successfully generated full feature matrix: 32 columns, 50000 rows.
2026-09-27 20:15:49,832 [INFO] Extracting unified features for 50,000 candidate pairs...
2026-09-27 20:16:01,417 [INFO] Successfully generated full feature matrix: 32 columns, 50000 rows.
2026-09-27 20:16:17,453 [INFO] Extracting unified features for 50,000 candidate pairs...
2026-09-27 20:16:27,580 [INFO] Successfully generated full feature matrix: 32 columns, 50000 rows.
2026-09-27 20:16:42,960 [INFO] Extracting unified features for 50,000 candidate pairs...
2026-09-27 20:16:52,984 [INFO] Successfully generated full feature matrix: 32 columns, 50000 rows.
2026-09-27 20:17:08,258 [INFO] Extracting unified features for 50,000 candidate pairs...
2026-09-27 20:17:20,119 [INFO] Successfully generated full feature matrix: 32 columns, 50000 rows.
2026-09-27 20:17:35,452 [INFO] Extracting unified features for 50,000 candidate pairs...
2026-09-27 20:17:46,975 [INFO] Successfully generated full feature matrix: 32 columns, 50000 rows.
2026-09-27 20:18:02,606 [INFO] Extracting unified features for 50,000 candidate pairs...
2026-09-27 20:18:14,928 [INFO] Successfully generated full feature matrix: 32 columns, 50000 rows.
2026-09-27 20:18:31,635 [INFO] Extracting unified features for 50,000 candidate pairs...
2026-09-27 20:18:44,817 [INFO] Successfully generated full feature matrix: 32 columns, 50000 rows.
2026-09-27 20:18:59,773 [INFO] Extracting unified features for 50,000 candidate pairs...
2026-09-27 20:19:15,542 [INFO] Successfully generated full feature matrix: 32 columns, 50000 rows.
2026-09-27 20:19:28,693 [INFO] Extracting unified features for 50,000 candidate pairs...
2026-09-27 20:19:39,720 [INFO] Successfully generated full feature matrix: 32 columns, 50000 rows.
2026-09-27 20:19:53,828 [INFO] Extracting unified features for 50,000 candidate pairs...
2026-09-27 20:20:03,773 [INFO] Successfully generated full feature matrix: 32 columns, 50000 rows.
2026-09-27 20:20:20,279 [INFO] Extracting unified features for 50,000 candidate pairs...
2026-09-27 20:20:31,155 [INFO] Successfully generated full feature matrix: 32 columns, 50000 rows.
2026-09-27 20:20:49,898 [INFO] Extracting unified features for 50,000 candidate pairs...
2026-09-27 20:21:00,856 [INFO] Successfully generated full feature matrix: 32 columns, 50000 rows.
2026-09-27 20:21:17,511 [INFO] Extracting unified features for 50,000 candidate pairs...
2026-09-27 20:21:28,458 [INFO] Successfully generated full feature matrix: 32 columns, 50000 rows.
2026-09-27 20:21:42,157 [INFO] Extracting unified features for 50,000 candidate pairs...
2026-09-27 20:21:58,646 [INFO] Successfully generated full feature matrix: 32 columns, 50000 rows.
2026-09-27 20:22:13,128 [INFO] Extracting unified features for 50,000 candidate pairs...
2026-09-27 20:22:24,564 [INFO] Successfully generated full feature matrix: 32 columns, 50000 rows.
2026-09-27 20:22:37,706 [INFO] Extracting unified features for 50,000 candidate pairs...
2026-09-27 20:22:50,935 [INFO] Successfully generated full feature matrix: 32 columns, 50000 rows.
2026-09-27 20:23:05,195 [INFO] Extracting unified features for 50,000 candidate pairs...
2026-09-27 20:23:15,679 [INFO] Successfully generated full feature matrix: 32 columns, 50000 rows.
2026-09-27 20:23:32,142 [INFO] Extracting unified features for 50,000 candidate pairs...
2026-09-27 20:23:44,629 [INFO] Successfully generated full feature matrix: 32 columns, 50000 rows.
2026-09-27 20:24:01,894 [INFO] Extracting unified features for 50,000 candidate pairs...
2026-09-27 20:24:12,107 [INFO] Successfully generated full feature matrix: 32 columns, 50000 rows.
2026-09-27 20:24:31,341 [INFO] Extracting unified features for 50,000 candidate pairs...
2026-09-27 20:24:40,752 [INFO] Successfully generated full feature matrix: 32 columns, 50000 rows.
2026-09-27 20:24:56,248 [INFO] Extracting unified features for 50,000 candidate pairs...
2026-09-27 20:25:06,761 [INFO] Successfully generated full feature matrix: 32 columns, 50000 rows.
2026-09-27 20:25:21,492 [INFO] Extracting unified features for 50,000 candidate pairs...
2026-09-27 20:25:32,337 [INFO] Successfully generated full feature matrix: 32 columns, 50000 rows.
2026-09-27 20:25:46,137 [INFO] Extracting unified features for 50,000 candidate pairs...
2026-09-27 20:25:56,611 [INFO] Successfully generated full feature matrix: 32 columns, 50000 rows.
2026-09-27 20:26:10,622 [INFO] Extracting unified features for 50,000 candidate pairs...
2026-09-27 20:26:21,346 [INFO] Successfully generated full feature matrix: 32 columns, 50000 rows.
2026-09-27 20:26:41,303 [INFO] Extracting unified features for 50,000 candidate pairs...
2026-09-27 20:26:52,121 [INFO] Successfully generated full feature matrix: 32 columns, 50000 rows.
2026-09-27 20:27:06,318 [INFO] Extracting unified features for 50,000 candidate pairs...
2026-09-27 20:27:15,700 [INFO] Successfully generated full feature matrix: 32 columns, 50000 rows.
2026-09-27 20:27:23,242 [INFO] Extracting unified features for 18,400 candidate pairs...
2026-09-27 20:27:28,015 [INFO] Successfully generated full feature matrix: 32 columns, 18400 rows.
2026-09-27 20:27:32,439 [INFO] [India Chunk  6/17] 50000 S1 -> 1418400 pairs | Feat: 736.4s (1926.0 pairs/s) | Infer: 7.4s | Matches: 90451 (S2: 48268, S3: 42183) | RSS: 5805.2 MB
2026-09-27 20:27:34,332 [INFO] --> [Progress] Completed Chunk 6/17 | Chunk Matches: 90451 | Cumulative Matches: 542990

2026-09-27 20:28:52,037 [INFO] ================================================================================
2026-09-27 20:28:52,038 [INFO] PHASE 7C: FULL-SCALE TEST INFERENCE — INDIA ONLY (OPTIMIZED BATCH SIZE 100K)
2026-09-27 20:28:52,038 [INFO] ================================================================================
2026-09-27 20:28:56,074 [INFO] [India Chunk  1/17] ALREADY COMPLETED: 90607 matches (S2: 48361, S3: 42246) loaded from output/checkpoints/matches_india_chunk_1.parquet
2026-09-27 20:28:56,106 [INFO] [India Chunk  2/17] ALREADY COMPLETED: 90690 matches (S2: 48162, S3: 42528) loaded from output/checkpoints/matches_india_chunk_2.parquet
2026-09-27 20:28:56,139 [INFO] [India Chunk  3/17] ALREADY COMPLETED: 90013 matches (S2: 47676, S3: 42337) loaded from output/checkpoints/matches_india_chunk_3.parquet
2026-09-27 20:28:56,173 [INFO] [India Chunk  4/17] ALREADY COMPLETED: 90806 matches (S2: 48282, S3: 42524) loaded from output/checkpoints/matches_india_chunk_4.parquet
2026-09-27 20:28:56,205 [INFO] [India Chunk  5/17] ALREADY COMPLETED: 90423 matches (S2: 47970, S3: 42453) loaded from output/checkpoints/matches_india_chunk_5.parquet
2026-09-27 20:28:56,237 [INFO] [India Chunk  6/17] ALREADY COMPLETED: 90451 matches (S2: 48268, S3: 42183) loaded from output/checkpoints/matches_india_chunk_6.parquet
2026-09-27 20:33:52,328 [INFO] Extracting unified features for 100,000 candidate pairs...
2026-09-27 20:34:27,593 [INFO] Successfully generated full feature matrix: 32 columns, 100000 rows.
2026-09-27 20:35:51,312 [INFO] Extracting unified features for 100,000 candidate pairs...
2026-09-27 20:36:30,202 [INFO] Successfully generated full feature matrix: 32 columns, 100000 rows.
2026-09-27 20:37:50,113 [INFO] Extracting unified features for 100,000 candidate pairs...
2026-09-27 20:38:14,369 [INFO] Successfully generated full feature matrix: 32 columns, 100000 rows.
2026-09-27 20:39:36,546 [INFO] Extracting unified features for 100,000 candidate pairs...
2026-09-27 20:39:58,422 [INFO] Successfully generated full feature matrix: 32 columns, 100000 rows.
2026-09-27 20:41:16,486 [INFO] Extracting unified features for 100,000 candidate pairs...
2026-09-27 20:41:42,084 [INFO] Successfully generated full feature matrix: 32 columns, 100000 rows.
2026-09-27 20:42:52,300 [INFO] Extracting unified features for 100,000 candidate pairs...
2026-09-27 20:43:16,808 [INFO] Successfully generated full feature matrix: 32 columns, 100000 rows.
2026-09-27 20:44:14,534 [INFO] Extracting unified features for 100,000 candidate pairs...
2026-09-27 20:44:50,261 [INFO] Successfully generated full feature matrix: 32 columns, 100000 rows.
2026-09-27 20:46:03,878 [INFO] Extracting unified features for 100,000 candidate pairs...
2026-09-27 20:46:25,615 [INFO] Successfully generated full feature matrix: 32 columns, 100000 rows.
2026-09-27 20:48:17,234 [INFO] Extracting unified features for 100,000 candidate pairs...
2026-09-27 20:48:41,952 [INFO] Successfully generated full feature matrix: 32 columns, 100000 rows.
2026-09-27 20:50:05,909 [INFO] Extracting unified features for 100,000 candidate pairs...
2026-09-27 20:50:30,382 [INFO] Successfully generated full feature matrix: 32 columns, 100000 rows.
2026-09-27 20:52:05,684 [INFO] Extracting unified features for 100,000 candidate pairs...
2026-09-27 20:52:34,037 [INFO] Successfully generated full feature matrix: 32 columns, 100000 rows.
2026-09-27 20:54:11,627 [INFO] Extracting unified features for 100,000 candidate pairs...
2026-09-27 20:54:58,349 [INFO] Successfully generated full feature matrix: 32 columns, 100000 rows.
2026-09-27 20:56:38,410 [INFO] Extracting unified features for 100,000 candidate pairs...
2026-09-27 20:57:03,652 [INFO] Successfully generated full feature matrix: 32 columns, 100000 rows.
2026-09-27 20:58:22,805 [INFO] Extracting unified features for 100,000 candidate pairs...
2026-09-27 20:58:48,125 [INFO] Successfully generated full feature matrix: 32 columns, 100000 rows.
2026-09-27 20:59:17,279 [INFO] Extracting unified features for 10,274 candidate pairs...
2026-09-27 20:59:20,419 [INFO] Successfully generated full feature matrix: 32 columns, 10274 rows.
2026-09-27 20:59:25,986 [INFO] [India Chunk  7/17] 50000 S1 -> 1410274 pairs | Feat: 1476.6s (955.1 pairs/s) | Infer: 7.2s | Matches: 90364 (S2: 48047, S3: 42317) | RSS: 7438.4 MB
2026-09-27 21:05:53,288 [INFO] Extracting unified features for 100,000 candidate pairs...
2026-09-27 21:07:31,706 [INFO] ================================================================================
2026-09-27 21:07:31,707 [INFO] PHASE 7C: FULL-SCALE TEST INFERENCE — INDIA ONLY
2026-09-27 21:07:31,707 [INFO] ================================================================================
2026-09-27 21:07:31,708 [INFO] Country Target:          INDIA ONLY
2026-09-27 21:07:31,708 [INFO] Blocker Keys:            ['A', 'C', 'D', 'E', 'F']
2026-09-27 21:07:31,708 [INFO] Max Block Size Cap:      5000
2026-09-27 21:07:31,709 [INFO] Decision Threshold:      0.88
2026-09-27 21:07:31,709 [INFO] S1 Chunk Size:           50000
2026-09-27 21:07:31,709 [INFO] Batch Size:              50000
2026-09-27 21:07:31,709 [INFO] Checkpoint Dir:          output/checkpoints
2026-09-27 21:07:31,710 [INFO] Candidate Output:        output/candidate_pairs.tsv
2026-09-27 21:07:31,710 [INFO] ================================================================================
2026-09-27 21:07:31,710 [INFO] ================================================================================
2026-09-27 21:07:31,710 [INFO] INSPECTING EXISTING OUTPUT AND CHECKPOINT STRUCTURE
2026-09-27 21:07:31,711 [INFO] ================================================================================
2026-09-27 21:07:31,715 [INFO] Confirmed: France and United States test candidate pairs exist in output/candidate_pairs.tsv.
2026-09-27 21:07:31,715 [INFO] Confirmed: France and United States are EXCLUDED from this inference run.
2026-09-27 21:07:31,720 [INFO] Loading frozen LightGBM model from models/final_lightgbm_model.pkl...
2026-09-27 21:07:31,755 [INFO] Frozen LightGBM model loaded successfully.
2026-09-27 21:07:31,763 [INFO] Loaded 1142 precomputed oversized keys.
2026-09-27 21:07:31,781 [INFO] Loading all Source 1 records for country 'india'...
2026-09-27 21:07:36,143 [INFO] Loaded 809986 S1 India records (186.6 MB) in 4.4s.
2026-09-27 21:07:36,147 [INFO] Processing 809986 India S1 entities across 17 chunks of 50000...

2026-09-27 21:07:36,208 [INFO] [India Chunk  1/17] ALREADY COMPLETED: 90607 matches (S2: 48361, S3: 42246) loaded from output/checkpoints/matches_india_chunk_1.parquet
2026-09-27 21:07:36,209 [INFO] --> [Progress] Completed Chunk 1/17 | Chunk Matches: 90607 | Cumulative Matches: 90607

2026-09-27 21:07:36,253 [INFO] [India Chunk  2/17] ALREADY COMPLETED: 90690 matches (S2: 48162, S3: 42528) loaded from output/checkpoints/matches_india_chunk_2.parquet
2026-09-27 21:07:36,254 [INFO] --> [Progress] Completed Chunk 2/17 | Chunk Matches: 90690 | Cumulative Matches: 181297

2026-09-27 21:07:36,298 [INFO] [India Chunk  3/17] ALREADY COMPLETED: 90013 matches (S2: 47676, S3: 42337) loaded from output/checkpoints/matches_india_chunk_3.parquet
2026-09-27 21:07:36,299 [INFO] --> [Progress] Completed Chunk 3/17 | Chunk Matches: 90013 | Cumulative Matches: 271310

2026-09-27 21:07:36,340 [INFO] [India Chunk  4/17] ALREADY COMPLETED: 90806 matches (S2: 48282, S3: 42524) loaded from output/checkpoints/matches_india_chunk_4.parquet
2026-09-27 21:07:36,340 [INFO] --> [Progress] Completed Chunk 4/17 | Chunk Matches: 90806 | Cumulative Matches: 362116

2026-09-27 21:07:36,384 [INFO] [India Chunk  5/17] ALREADY COMPLETED: 90423 matches (S2: 47970, S3: 42453) loaded from output/checkpoints/matches_india_chunk_5.parquet
2026-09-27 21:07:36,385 [INFO] --> [Progress] Completed Chunk 5/17 | Chunk Matches: 90423 | Cumulative Matches: 452539

2026-09-27 21:07:36,433 [INFO] [India Chunk  6/17] ALREADY COMPLETED: 90451 matches (S2: 48268, S3: 42183) loaded from output/checkpoints/matches_india_chunk_6.parquet
2026-09-27 21:07:36,433 [INFO] --> [Progress] Completed Chunk 6/17 | Chunk Matches: 90451 | Cumulative Matches: 542990

2026-09-27 21:07:36,480 [INFO] [India Chunk  7/17] ALREADY COMPLETED: 90364 matches (S2: 48047, S3: 42317) loaded from output/checkpoints/matches_india_chunk_7.parquet
2026-09-27 21:07:36,481 [INFO] --> [Progress] Completed Chunk 7/17 | Chunk Matches: 90364 | Cumulative Matches: 633354

2026-09-27 21:12:05,770 [INFO] Extracting unified features for 50,000 candidate pairs...
2026-09-27 21:12:17,560 [INFO] Successfully generated full feature matrix: 32 columns, 50000 rows.
2026-09-27 21:12:44,813 [INFO] Extracting unified features for 50,000 candidate pairs...
2026-09-27 21:12:54,951 [INFO] Successfully generated full feature matrix: 32 columns, 50000 rows.
2026-09-27 21:13:16,266 [INFO] Extracting unified features for 50,000 candidate pairs...
2026-09-27 21:13:29,036 [INFO] Successfully generated full feature matrix: 32 columns, 50000 rows.
2026-09-27 21:13:48,073 [INFO] Extracting unified features for 50,000 candidate pairs...
2026-09-27 21:13:57,887 [INFO] Successfully generated full feature matrix: 32 columns, 50000 rows.
2026-09-27 21:14:14,690 [INFO] Extracting unified features for 50,000 candidate pairs...
2026-09-27 21:14:24,252 [INFO] Successfully generated full feature matrix: 32 columns, 50000 rows.
2026-09-27 21:14:39,572 [INFO] Extracting unified features for 50,000 candidate pairs...
2026-09-27 21:14:50,497 [INFO] Successfully generated full feature matrix: 32 columns, 50000 rows.
2026-09-27 21:15:05,122 [INFO] Extracting unified features for 50,000 candidate pairs...
2026-09-27 21:15:15,986 [INFO] Successfully generated full feature matrix: 32 columns, 50000 rows.
2026-09-27 21:15:29,945 [INFO] Extracting unified features for 50,000 candidate pairs...
2026-09-27 21:15:40,618 [INFO] Successfully generated full feature matrix: 32 columns, 50000 rows.
2026-09-27 21:15:55,155 [INFO] Extracting unified features for 50,000 candidate pairs...
2026-09-27 21:16:06,396 [INFO] Successfully generated full feature matrix: 32 columns, 50000 rows.
2026-09-27 21:16:20,715 [INFO] Extracting unified features for 50,000 candidate pairs...
2026-09-27 21:16:30,452 [INFO] Successfully generated full feature matrix: 32 columns, 50000 rows.
2026-09-27 21:16:45,309 [INFO] Extracting unified features for 50,000 candidate pairs...
2026-09-27 21:16:56,447 [INFO] Successfully generated full feature matrix: 32 columns, 50000 rows.
2026-09-27 21:17:09,426 [INFO] Extracting unified features for 50,000 candidate pairs...
2026-09-27 21:17:20,185 [INFO] Successfully generated full feature matrix: 32 columns, 50000 rows.
2026-09-27 21:17:34,075 [INFO] Extracting unified features for 50,000 candidate pairs...
2026-09-27 21:17:44,732 [INFO] Successfully generated full feature matrix: 32 columns, 50000 rows.
2026-09-27 21:17:59,262 [INFO] Extracting unified features for 50,000 candidate pairs...
2026-09-27 21:18:08,677 [INFO] Successfully generated full feature matrix: 32 columns, 50000 rows.
2026-09-27 21:18:24,391 [INFO] Extracting unified features for 50,000 candidate pairs...
2026-09-27 21:18:37,803 [INFO] Successfully generated full feature matrix: 32 columns, 50000 rows.
2026-09-27 21:18:55,520 [INFO] Extracting unified features for 50,000 candidate pairs...
2026-09-27 21:19:05,284 [INFO] Successfully generated full feature matrix: 32 columns, 50000 rows.
2026-09-27 21:19:21,539 [INFO] Extracting unified features for 50,000 candidate pairs...
2026-09-27 21:19:32,690 [INFO] Successfully generated full feature matrix: 32 columns, 50000 rows.
2026-09-27 21:19:46,390 [INFO] Extracting unified features for 50,000 candidate pairs...
2026-09-27 21:19:57,393 [INFO] Successfully generated full feature matrix: 32 columns, 50000 rows.
2026-09-27 21:20:11,122 [INFO] Extracting unified features for 50,000 candidate pairs...
2026-09-27 21:20:21,926 [INFO] Successfully generated full feature matrix: 32 columns, 50000 rows.
2026-09-27 21:20:36,661 [INFO] Extracting unified features for 50,000 candidate pairs...
2026-09-27 21:20:47,870 [INFO] Successfully generated full feature matrix: 32 columns, 50000 rows.
2026-09-27 21:21:03,777 [INFO] Extracting unified features for 50,000 candidate pairs...
2026-09-27 21:21:13,560 [INFO] Successfully generated full feature matrix: 32 columns, 50000 rows.
2026-09-27 21:21:29,595 [INFO] Extracting unified features for 50,000 candidate pairs...
2026-09-27 21:21:39,174 [INFO] Successfully generated full feature matrix: 32 columns, 50000 rows.
2026-09-27 21:21:54,916 [INFO] Extracting unified features for 50,000 candidate pairs...
2026-09-27 21:22:05,801 [INFO] Successfully generated full feature matrix: 32 columns, 50000 rows.
2026-09-27 21:22:20,227 [INFO] Extracting unified features for 50,000 candidate pairs...
2026-09-27 21:22:30,326 [INFO] Successfully generated full feature matrix: 32 columns, 50000 rows.
2026-09-27 21:22:43,997 [INFO] Extracting unified features for 50,000 candidate pairs...
2026-09-27 21:22:55,306 [INFO] Successfully generated full feature matrix: 32 columns, 50000 rows.
2026-09-27 21:23:10,009 [INFO] Extracting unified features for 50,000 candidate pairs...
2026-09-27 21:23:21,422 [INFO] Successfully generated full feature matrix: 32 columns, 50000 rows.
2026-09-27 21:23:39,351 [INFO] Extracting unified features for 50,000 candidate pairs...
2026-09-27 21:23:48,806 [INFO] Successfully generated full feature matrix: 32 columns, 50000 rows.
2026-09-27 21:24:04,869 [INFO] Extracting unified features for 50,000 candidate pairs...
2026-09-27 21:24:14,314 [INFO] Successfully generated full feature matrix: 32 columns, 50000 rows.
2026-09-27 21:24:21,486 [INFO] Extracting unified features for 13,512 candidate pairs...
2026-09-27 21:24:24,753 [INFO] Successfully generated full feature matrix: 32 columns, 13512 rows.
2026-09-27 21:24:30,286 [INFO] [India Chunk  8/17] 50000 S1 -> 1413512 pairs | Feat: 719.7s (1964.1 pairs/s) | Infer: 5.6s | Matches: 90515 (S2: 47967, S3: 42548) | RSS: 5619.1 MB
2026-09-27 21:24:32,225 [INFO] --> [Progress] Completed Chunk 8/17 | Chunk Matches: 90515 | Cumulative Matches: 723869

2026-09-27 21:28:55,948 [INFO] Extracting unified features for 50,000 candidate pairs...
2026-09-27 21:29:11,111 [INFO] Successfully generated full feature matrix: 32 columns, 50000 rows.
2026-09-27 21:29:36,719 [INFO] Extracting unified features for 50,000 candidate pairs...
2026-09-27 21:29:48,034 [INFO] Successfully generated full feature matrix: 32 columns, 50000 rows.
2026-09-27 21:30:07,019 [INFO] Extracting unified features for 50,000 candidate pairs...
2026-09-27 21:30:18,629 [INFO] Successfully generated full feature matrix: 32 columns, 50000 rows.
2026-09-27 21:30:35,070 [INFO] Extracting unified features for 50,000 candidate pairs...
2026-09-27 21:30:45,951 [INFO] Successfully generated full feature matrix: 32 columns, 50000 rows.
2026-09-27 21:31:01,102 [INFO] Extracting unified features for 50,000 candidate pairs...
2026-09-27 21:31:12,060 [INFO] Successfully generated full feature matrix: 32 columns, 50000 rows.
2026-09-27 21:31:26,172 [INFO] Extracting unified features for 50,000 candidate pairs...
2026-09-27 21:31:37,637 [INFO] Successfully generated full feature matrix: 32 columns, 50000 rows.
2026-09-27 21:31:55,872 [INFO] Extracting unified features for 50,000 candidate pairs...
2026-09-27 21:32:05,577 [INFO] Successfully generated full feature matrix: 32 columns, 50000 rows.
2026-09-27 21:32:22,404 [INFO] Extracting unified features for 50,000 candidate pairs...
2026-09-27 21:32:32,006 [INFO] Successfully generated full feature matrix: 32 columns, 50000 rows.
2026-09-27 21:32:50,901 [INFO] Extracting unified features for 50,000 candidate pairs...
2026-09-27 21:33:01,000 [INFO] Successfully generated full feature matrix: 32 columns, 50000 rows.
2026-09-27 21:33:31,454 [INFO] Extracting unified features for 50,000 candidate pairs...
2026-09-27 21:33:49,359 [INFO] Successfully generated full feature matrix: 32 columns, 50000 rows.
2026-09-27 21:34:16,538 [INFO] Extracting unified features for 50,000 candidate pairs...
2026-09-27 21:34:30,674 [INFO] Successfully generated full feature matrix: 32 columns, 50000 rows.
2026-09-27 21:34:53,228 [INFO] Extracting unified features for 50,000 candidate pairs...
2026-09-27 21:35:03,885 [INFO] Successfully generated full feature matrix: 32 columns, 50000 rows.
2026-09-27 21:35:22,562 [INFO] Extracting unified features for 50,000 candidate pairs...
2026-09-27 21:35:32,077 [INFO] Successfully generated full feature matrix: 32 columns, 50000 rows.
2026-09-27 21:35:49,834 [INFO] Extracting unified features for 50,000 candidate pairs...
2026-09-27 21:36:00,494 [INFO] Successfully generated full feature matrix: 32 columns, 50000 rows.
2026-09-27 21:36:18,355 [INFO] Extracting unified features for 50,000 candidate pairs...
2026-09-27 21:36:34,403 [INFO] Successfully generated full feature matrix: 32 columns, 50000 rows.
2026-09-27 21:37:02,156 [INFO] Extracting unified features for 50,000 candidate pairs...
2026-09-27 21:37:12,540 [INFO] Successfully generated full feature matrix: 32 columns, 50000 rows.
2026-09-27 21:37:33,798 [INFO] Extracting unified features for 50,000 candidate pairs...
2026-09-27 21:37:43,600 [INFO] Successfully generated full feature matrix: 32 columns, 50000 rows.
2026-09-27 21:38:02,490 [INFO] Extracting unified features for 50,000 candidate pairs...
2026-09-27 21:38:12,704 [INFO] Successfully generated full feature matrix: 32 columns, 50000 rows.
2026-09-27 21:38:30,049 [INFO] Extracting unified features for 50,000 candidate pairs...
2026-09-27 21:38:40,313 [INFO] Successfully generated full feature matrix: 32 columns, 50000 rows.
2026-09-27 21:38:58,177 [INFO] Extracting unified features for 50,000 candidate pairs...
2026-09-27 21:39:08,792 [INFO] Successfully generated full feature matrix: 32 columns, 50000 rows.
2026-09-27 21:39:28,604 [INFO] Extracting unified features for 50,000 candidate pairs...
2026-09-27 21:39:40,285 [INFO] Successfully generated full feature matrix: 32 columns, 50000 rows.
2026-09-27 21:40:00,927 [INFO] Extracting unified features for 50,000 candidate pairs...
2026-09-27 21:40:11,040 [INFO] Successfully generated full feature matrix: 32 columns, 50000 rows.
2026-09-27 21:40:32,732 [INFO] Extracting unified features for 50,000 candidate pairs...
2026-09-27 21:40:46,549 [INFO] Successfully generated full feature matrix: 32 columns, 50000 rows.
2026-09-27 21:41:28,279 [INFO] Extracting unified features for 50,000 candidate pairs...
2026-09-27 21:41:41,233 [INFO] Successfully generated full feature matrix: 32 columns, 50000 rows.
2026-09-27 21:42:05,681 [INFO] Extracting unified features for 50,000 candidate pairs...
2026-09-27 21:42:18,687 [INFO] Successfully generated full feature matrix: 32 columns, 50000 rows.
2026-09-27 21:42:55,755 [INFO] Extracting unified features for 50,000 candidate pairs...
2026-09-27 21:43:11,615 [INFO] Successfully generated full feature matrix: 32 columns, 50000 rows.
2026-09-27 21:43:39,379 [INFO] Extracting unified features for 50,000 candidate pairs...
2026-09-27 21:43:49,939 [INFO] Successfully generated full feature matrix: 32 columns, 50000 rows.
2026-09-27 21:44:17,980 [INFO] Extracting unified features for 50,000 candidate pairs...
2026-09-27 21:44:29,144 [INFO] Successfully generated full feature matrix: 32 columns, 50000 rows.
2026-09-27 21:44:45,352 [INFO] Extracting unified features for 28,782 candidate pairs...
2026-09-27 21:44:50,414 [INFO] Successfully generated full feature matrix: 32 columns, 28782 rows.
2026-09-27 21:44:59,311 [INFO] [India Chunk  9/17] 50000 S1 -> 1428782 pairs | Feat: 914.0s (1563.3 pairs/s) | Infer: 6.7s | Matches: 90618 (S2: 48287, S3: 42331) | RSS: 5660.7 MB
2026-09-27 21:45:01,719 [INFO] --> [Progress] Completed Chunk 9/17 | Chunk Matches: 90618 | Cumulative Matches: 814487

2026-09-27 21:49:59,125 [INFO] Extracting unified features for 50,000 candidate pairs...
2026-09-27 21:50:15,501 [INFO] Successfully generated full feature matrix: 32 columns, 50000 rows.
2026-09-27 21:50:45,445 [INFO] Extracting unified features for 50,000 candidate pairs...
2026-09-27 21:50:57,362 [INFO] Successfully generated full feature matrix: 32 columns, 50000 rows.
2026-09-27 21:51:25,897 [INFO] Extracting unified features for 50,000 candidate pairs...
2026-09-27 21:51:36,392 [INFO] Successfully generated full feature matrix: 32 columns, 50000 rows.
2026-09-27 21:52:01,449 [INFO] Extracting unified features for 50,000 candidate pairs...
2026-09-27 21:52:11,765 [INFO] Successfully generated full feature matrix: 32 columns, 50000 rows.
2026-09-27 21:52:39,747 [INFO] Extracting unified features for 50,000 candidate pairs...
2026-09-27 21:52:54,516 [INFO] Successfully generated full feature matrix: 32 columns, 50000 rows.
2026-09-27 21:53:53,357 [INFO] Extracting unified features for 50,000 candidate pairs...
2026-09-27 21:54:11,616 [INFO] Successfully generated full feature matrix: 32 columns, 50000 rows.
2026-09-27 21:55:06,133 [INFO] Extracting unified features for 50,000 candidate pairs...
2026-09-27 21:55:18,924 [INFO] Successfully generated full feature matrix: 32 columns, 50000 rows.
2026-09-27 21:56:04,540 [INFO] Extracting unified features for 50,000 candidate pairs...
2026-09-27 21:56:23,417 [INFO] Successfully generated full feature matrix: 32 columns, 50000 rows.
2026-09-27 21:57:53,502 [INFO] Extracting unified features for 50,000 candidate pairs...
2026-09-27 21:58:12,765 [INFO] Successfully generated full feature matrix: 32 columns, 50000 rows.
2026-09-27 21:59:10,365 [INFO] Extracting unified features for 50,000 candidate pairs...
2026-09-27 21:59:26,855 [INFO] Successfully generated full feature matrix: 32 columns, 50000 rows.
2026-09-27 22:00:14,949 [INFO] Extracting unified features for 50,000 candidate pairs...
2026-09-27 22:00:31,065 [INFO] Successfully generated full feature matrix: 32 columns, 50000 rows.
2026-09-27 22:01:08,697 [INFO] Extracting unified features for 50,000 candidate pairs...
2026-09-27 22:01:21,788 [INFO] Successfully generated full feature matrix: 32 columns, 50000 rows.
2026-09-27 22:01:59,759 [INFO] Extracting unified features for 50,000 candidate pairs...
2026-09-27 22:02:14,671 [INFO] Successfully generated full feature matrix: 32 columns, 50000 rows.
2026-09-27 22:02:53,245 [INFO] Extracting unified features for 50,000 candidate pairs...
2026-09-27 22:03:08,350 [INFO] Successfully generated full feature matrix: 32 columns, 50000 rows.
2026-09-27 22:03:51,474 [INFO] Extracting unified features for 50,000 candidate pairs...
2026-09-27 22:04:08,398 [INFO] Successfully generated full feature matrix: 32 columns, 50000 rows.
2026-09-27 22:04:59,713 [INFO] Extracting unified features for 50,000 candidate pairs...
2026-09-27 22:05:25,225 [INFO] Successfully generated full feature matrix: 32 columns, 50000 rows.
2026-09-27 22:06:22,019 [INFO] Extracting unified features for 50,000 candidate pairs...
2026-09-27 22:06:36,735 [INFO] Successfully generated full feature matrix: 32 columns, 50000 rows.
2026-09-27 22:07:11,694 [INFO] Extracting unified features for 50,000 candidate pairs...
2026-09-27 22:07:24,242 [INFO] Successfully generated full feature matrix: 32 columns, 50000 rows.
2026-09-27 22:08:21,195 [INFO] Extracting unified features for 50,000 candidate pairs...
2026-09-27 22:08:39,550 [INFO] Successfully generated full feature matrix: 32 columns, 50000 rows.
2026-09-27 22:09:23,046 [INFO] Extracting unified features for 50,000 candidate pairs...
2026-09-27 22:09:36,513 [INFO] Successfully generated full feature matrix: 32 columns, 50000 rows.
2026-09-27 22:10:11,887 [INFO] Extracting unified features for 50,000 candidate pairs...
2026-09-27 22:10:24,490 [INFO] Successfully generated full feature matrix: 32 columns, 50000 rows.
2026-09-27 22:10:58,498 [INFO] Extracting unified features for 50,000 candidate pairs...
2026-09-27 22:11:09,251 [INFO] Successfully generated full feature matrix: 32 columns, 50000 rows.
2026-09-27 22:11:35,736 [INFO] Extracting unified features for 50,000 candidate pairs...
2026-09-27 22:11:51,194 [INFO] Successfully generated full feature matrix: 32 columns, 50000 rows.
2026-09-27 22:12:23,468 [INFO] Extracting unified features for 50,000 candidate pairs...
2026-09-27 22:12:36,088 [INFO] Successfully generated full feature matrix: 32 columns, 50000 rows.
2026-09-27 22:13:05,194 [INFO] Extracting unified features for 50,000 candidate pairs...
2026-09-27 22:13:17,203 [INFO] Successfully generated full feature matrix: 32 columns, 50000 rows.
2026-09-27 22:13:47,026 [INFO] Extracting unified features for 50,000 candidate pairs...
2026-09-27 22:13:59,684 [INFO] Successfully generated full feature matrix: 32 columns, 50000 rows.
2026-09-27 22:14:24,494 [INFO] Extracting unified features for 50,000 candidate pairs...
2026-09-27 22:14:39,160 [INFO] Successfully generated full feature matrix: 32 columns, 50000 rows.
2026-09-27 22:15:05,443 [INFO] Extracting unified features for 50,000 candidate pairs...
2026-09-27 22:15:16,202 [INFO] Successfully generated full feature matrix: 32 columns, 50000 rows.
2026-09-27 22:15:29,891 [INFO] Extracting unified features for 21,289 candidate pairs...
2026-09-27 22:15:36,320 [INFO] Successfully generated full feature matrix: 32 columns, 21289 rows.
2026-09-27 22:15:46,174 [INFO] [India Chunk 10/17] 50000 S1 -> 1421289 pairs | Feat: 1457.9s (974.9 pairs/s) | Infer: 8.7s | Matches: 90737 (S2: 48057, S3: 42680) | RSS: 5660.7 MB
2026-09-27 22:15:48,581 [INFO] --> [Progress] Completed Chunk 10/17 | Chunk Matches: 90737 | Cumulative Matches: 905224

2026-09-27 22:21:28,304 [INFO] Extracting unified features for 50,000 candidate pairs...
2026-09-27 22:21:43,170 [INFO] Successfully generated full feature matrix: 32 columns, 50000 rows.
2026-09-27 22:22:25,672 [INFO] Extracting unified features for 50,000 candidate pairs...
2026-09-27 22:22:38,937 [INFO] Successfully generated full feature matrix: 32 columns, 50000 rows.
2026-09-27 22:23:18,190 [INFO] Extracting unified features for 50,000 candidate pairs...
2026-09-27 22:23:29,928 [INFO] Successfully generated full feature matrix: 32 columns, 50000 rows.
2026-09-27 22:24:02,142 [INFO] Extracting unified features for 50,000 candidate pairs...
2026-09-27 22:24:15,334 [INFO] Successfully generated full feature matrix: 32 columns, 50000 rows.
2026-09-27 22:24:38,430 [INFO] Extracting unified features for 50,000 candidate pairs...
2026-09-27 22:24:49,645 [INFO] Successfully generated full feature matrix: 32 columns, 50000 rows.
2026-09-27 22:25:09,287 [INFO] Extracting unified features for 50,000 candidate pairs...
2026-09-27 22:25:20,910 [INFO] Successfully generated full feature matrix: 32 columns, 50000 rows.
2026-09-27 22:25:39,635 [INFO] Extracting unified features for 50,000 candidate pairs...
2026-09-27 22:25:50,871 [INFO] Successfully generated full feature matrix: 32 columns, 50000 rows.
2026-09-27 22:26:12,110 [INFO] Extracting unified features for 50,000 candidate pairs...
2026-09-27 22:26:23,016 [INFO] Successfully generated full feature matrix: 32 columns, 50000 rows.
2026-09-27 22:26:45,000 [INFO] Extracting unified features for 50,000 candidate pairs...
2026-09-27 22:26:56,121 [INFO] Successfully generated full feature matrix: 32 columns, 50000 rows.
2026-09-27 22:27:14,507 [INFO] Extracting unified features for 50,000 candidate pairs...
2026-09-27 22:27:26,519 [INFO] Successfully generated full feature matrix: 32 columns, 50000 rows.
2026-09-27 22:27:46,969 [INFO] Extracting unified features for 50,000 candidate pairs...
2026-09-27 22:27:58,651 [INFO] Successfully generated full feature matrix: 32 columns, 50000 rows.
2026-09-27 22:28:15,414 [INFO] Extracting unified features for 50,000 candidate pairs...
2026-09-27 22:28:27,019 [INFO] Successfully generated full feature matrix: 32 columns, 50000 rows.
2026-09-27 22:28:43,162 [INFO] Extracting unified features for 50,000 candidate pairs...
2026-09-27 22:28:54,761 [INFO] Successfully generated full feature matrix: 32 columns, 50000 rows.
2026-09-27 22:29:10,823 [INFO] Extracting unified features for 50,000 candidate pairs...
2026-09-27 22:29:21,661 [INFO] Successfully generated full feature matrix: 32 columns, 50000 rows.
2026-09-27 22:29:36,764 [INFO] Extracting unified features for 50,000 candidate pairs...
2026-09-27 22:29:47,913 [INFO] Successfully generated full feature matrix: 32 columns, 50000 rows.
2026-09-27 22:30:03,630 [INFO] Extracting unified features for 50,000 candidate pairs...
2026-09-27 22:30:13,915 [INFO] Successfully generated full feature matrix: 32 columns, 50000 rows.
2026-09-27 22:30:32,141 [INFO] Extracting unified features for 50,000 candidate pairs...
2026-09-27 22:30:41,590 [INFO] Successfully generated full feature matrix: 32 columns, 50000 rows.
2026-09-27 22:30:57,212 [INFO] Extracting unified features for 50,000 candidate pairs...
2026-09-27 22:31:08,282 [INFO] Successfully generated full feature matrix: 32 columns, 50000 rows.
2026-09-27 22:31:25,533 [INFO] Extracting unified features for 50,000 candidate pairs...
2026-09-27 22:31:40,134 [INFO] Successfully generated full feature matrix: 32 columns, 50000 rows.
2026-09-27 22:31:58,951 [INFO] Extracting unified features for 50,000 candidate pairs...
2026-09-27 22:32:10,303 [INFO] Successfully generated full feature matrix: 32 columns, 50000 rows.
2026-09-27 22:32:25,681 [INFO] Extracting unified features for 50,000 candidate pairs...
2026-09-27 22:32:37,200 [INFO] Successfully generated full feature matrix: 32 columns, 50000 rows.
2026-09-27 22:32:51,837 [INFO] Extracting unified features for 50,000 candidate pairs...
2026-09-27 22:33:03,163 [INFO] Successfully generated full feature matrix: 32 columns, 50000 rows.
2026-09-27 22:33:18,814 [INFO] Extracting unified features for 50,000 candidate pairs...
2026-09-27 22:33:30,909 [INFO] Successfully generated full feature matrix: 32 columns, 50000 rows.
2026-09-27 22:33:48,281 [INFO] Extracting unified features for 50,000 candidate pairs...
2026-09-27 22:33:59,129 [INFO] Successfully generated full feature matrix: 32 columns, 50000 rows.
2026-09-27 22:34:34,785 [INFO] Extracting unified features for 50,000 candidate pairs...
2026-09-27 22:34:53,755 [INFO] Successfully generated full feature matrix: 32 columns, 50000 rows.
2026-09-27 22:36:16,228 [INFO] Extracting unified features for 50,000 candidate pairs...
2026-09-27 22:36:36,694 [INFO] Successfully generated full feature matrix: 32 columns, 50000 rows.
2026-09-27 22:37:47,220 [INFO] Extracting unified features for 50,000 candidate pairs...
2026-09-27 22:38:03,198 [INFO] Successfully generated full feature matrix: 32 columns, 50000 rows.
2026-09-27 22:39:05,020 [INFO] Extracting unified features for 50,000 candidate pairs...
2026-09-27 22:39:21,685 [INFO] Successfully generated full feature matrix: 32 columns, 50000 rows.
2026-09-27 22:40:00,968 [INFO] Extracting unified features for 32,075 candidate pairs...
2026-09-27 22:40:20,149 [INFO] Successfully generated full feature matrix: 32 columns, 32075 rows.
2026-09-27 22:40:42,875 [INFO] [India Chunk 11/17] 50000 S1 -> 1432075 pairs | Feat: 1097.5s (1304.9 pairs/s) | Infer: 8.3s | Matches: 90283 (S2: 48033, S3: 42250) | RSS: 5660.7 MB
2026-09-27 22:40:45,192 [INFO] --> [Progress] Completed Chunk 11/17 | Chunk Matches: 90283 | Cumulative Matches: 995507

2026-09-27 22:46:03,379 [INFO] Extracting unified features for 50,000 candidate pairs...
2026-09-27 22:46:21,286 [INFO] Successfully generated full feature matrix: 32 columns, 50000 rows.
2026-09-27 22:46:56,242 [INFO] Extracting unified features for 50,000 candidate pairs...
2026-09-27 22:47:08,109 [INFO] Successfully generated full feature matrix: 32 columns, 50000 rows.
2026-09-27 22:47:37,505 [INFO] Extracting unified features for 50,000 candidate pairs...
2026-09-27 22:47:49,658 [INFO] Successfully generated full feature matrix: 32 columns, 50000 rows.
2026-09-27 22:48:19,373 [INFO] Extracting unified features for 50,000 candidate pairs...
2026-09-27 22:48:32,566 [INFO] Successfully generated full feature matrix: 32 columns, 50000 rows.
2026-09-27 22:49:00,274 [INFO] Extracting unified features for 50,000 candidate pairs...
2026-09-27 22:49:10,836 [INFO] Successfully generated full feature matrix: 32 columns, 50000 rows.
2026-09-27 22:49:37,370 [INFO] Extracting unified features for 50,000 candidate pairs...
2026-09-27 22:49:47,668 [INFO] Successfully generated full feature matrix: 32 columns, 50000 rows.
2026-09-27 22:50:11,453 [INFO] Extracting unified features for 50,000 candidate pairs...
2026-09-27 22:50:23,088 [INFO] Successfully generated full feature matrix: 32 columns, 50000 rows.
2026-09-27 22:50:43,089 [INFO] Extracting unified features for 50,000 candidate pairs...
2026-09-27 22:50:54,949 [INFO] Successfully generated full feature matrix: 32 columns, 50000 rows.
2026-09-27 22:51:15,000 [INFO] Extracting unified features for 50,000 candidate pairs...
2026-09-27 22:51:27,015 [INFO] Successfully generated full feature matrix: 32 columns, 50000 rows.
2026-09-27 22:51:48,459 [INFO] Extracting unified features for 50,000 candidate pairs...
2026-09-27 22:52:00,064 [INFO] Successfully generated full feature matrix: 32 columns, 50000 rows.
2026-09-27 22:52:22,829 [INFO] Extracting unified features for 50,000 candidate pairs...
2026-09-27 22:52:34,493 [INFO] Successfully generated full feature matrix: 32 columns, 50000 rows.
2026-09-27 22:52:53,984 [INFO] Extracting unified features for 50,000 candidate pairs...
2026-09-27 22:53:06,070 [INFO] Successfully generated full feature matrix: 32 columns, 50000 rows.
2026-09-27 22:53:31,596 [INFO] Extracting unified features for 50,000 candidate pairs...
2026-09-27 22:53:43,591 [INFO] Successfully generated full feature matrix: 32 columns, 50000 rows.
2026-09-27 22:54:07,426 [INFO] Extracting unified features for 50,000 candidate pairs...
2026-09-27 22:54:18,120 [INFO] Successfully generated full feature matrix: 32 columns, 50000 rows.
2026-09-27 22:54:40,824 [INFO] Extracting unified features for 50,000 candidate pairs...
2026-09-27 22:54:51,632 [INFO] Successfully generated full feature matrix: 32 columns, 50000 rows.
2026-09-27 22:55:16,496 [INFO] Extracting unified features for 50,000 candidate pairs...
2026-09-27 22:55:26,852 [INFO] Successfully generated full feature matrix: 32 columns, 50000 rows.
2026-09-27 22:55:49,829 [INFO] Extracting unified features for 50,000 candidate pairs...
2026-09-27 22:56:00,754 [INFO] Successfully generated full feature matrix: 32 columns, 50000 rows.
2026-09-27 22:56:21,041 [INFO] Extracting unified features for 50,000 candidate pairs...
2026-09-27 22:56:33,004 [INFO] Successfully generated full feature matrix: 32 columns, 50000 rows.
2026-09-27 22:56:55,424 [INFO] Extracting unified features for 50,000 candidate pairs...
2026-09-27 22:57:06,715 [INFO] Successfully generated full feature matrix: 32 columns, 50000 rows.
2026-09-27 22:57:25,588 [INFO] Extracting unified features for 50,000 candidate pairs...
2026-09-27 22:57:38,376 [INFO] Successfully generated full feature matrix: 32 columns, 50000 rows.
2026-09-27 22:58:00,216 [INFO] Extracting unified features for 50,000 candidate pairs...
2026-09-27 22:58:11,526 [INFO] Successfully generated full feature matrix: 32 columns, 50000 rows.
2026-09-27 22:58:29,927 [INFO] Extracting unified features for 50,000 candidate pairs...
2026-09-27 22:58:42,112 [INFO] Successfully generated full feature matrix: 32 columns, 50000 rows.
2026-09-27 22:59:05,793 [INFO] Extracting unified features for 50,000 candidate pairs...
2026-09-27 22:59:17,083 [INFO] Successfully generated full feature matrix: 32 columns, 50000 rows.
2026-09-27 22:59:35,899 [INFO] Extracting unified features for 50,000 candidate pairs...
2026-09-27 22:59:47,749 [INFO] Successfully generated full feature matrix: 32 columns, 50000 rows.
2026-09-27 23:00:07,294 [INFO] Extracting unified features for 50,000 candidate pairs...
2026-09-27 23:00:19,574 [INFO] Successfully generated full feature matrix: 32 columns, 50000 rows.
2026-09-27 23:00:40,179 [INFO] Extracting unified features for 50,000 candidate pairs...
2026-09-27 23:00:48,605 [INFO] Successfully generated full feature matrix: 32 columns, 50000 rows.
2026-09-27 23:01:09,381 [INFO] Extracting unified features for 50,000 candidate pairs...
2026-09-27 23:01:20,665 [INFO] Successfully generated full feature matrix: 32 columns, 50000 rows.
2026-09-27 23:01:48,100 [INFO] Extracting unified features for 50,000 candidate pairs...
2026-09-27 23:01:59,725 [INFO] Successfully generated full feature matrix: 32 columns, 50000 rows.
2026-09-27 23:02:11,094 [INFO] Extracting unified features for 19,884 candidate pairs...
2026-09-27 23:02:14,503 [INFO] Successfully generated full feature matrix: 32 columns, 19884 rows.
2026-09-27 23:02:23,600 [INFO] [India Chunk 12/17] 50000 S1 -> 1419884 pairs | Feat: 943.8s (1504.4 pairs/s) | Infer: 7.4s | Matches: 90848 (S2: 48399, S3: 42449) | RSS: 5660.7 MB
2026-09-27 23:02:26,551 [INFO] --> [Progress] Completed Chunk 12/17 | Chunk Matches: 90848 | Cumulative Matches: 1086355

2026-09-27 23:07:16,697 [INFO] Extracting unified features for 50,000 candidate pairs...
2026-09-27 23:07:28,566 [INFO] Successfully generated full feature matrix: 32 columns, 50000 rows.
2026-09-27 23:07:50,979 [INFO] Extracting unified features for 50,000 candidate pairs...
2026-09-27 23:08:01,654 [INFO] Successfully generated full feature matrix: 32 columns, 50000 rows.
2026-09-27 23:08:21,912 [INFO] Extracting unified features for 50,000 candidate pairs...
2026-09-27 23:08:31,872 [INFO] Successfully generated full feature matrix: 32 columns, 50000 rows.
2026-09-27 23:08:52,991 [INFO] Extracting unified features for 50,000 candidate pairs...
2026-09-27 23:09:03,215 [INFO] Successfully generated full feature matrix: 32 columns, 50000 rows.
2026-09-27 23:09:22,164 [INFO] Extracting unified features for 50,000 candidate pairs...
2026-09-27 23:09:32,694 [INFO] Successfully generated full feature matrix: 32 columns, 50000 rows.
2026-09-27 23:09:52,657 [INFO] Extracting unified features for 50,000 candidate pairs...
2026-09-27 23:10:02,282 [INFO] Successfully generated full feature matrix: 32 columns, 50000 rows.
2026-09-27 23:10:20,591 [INFO] Extracting unified features for 50,000 candidate pairs...
2026-09-27 23:10:30,789 [INFO] Successfully generated full feature matrix: 32 columns, 50000 rows.
2026-09-27 23:10:48,401 [INFO] Extracting unified features for 50,000 candidate pairs...
2026-09-27 23:10:59,039 [INFO] Successfully generated full feature matrix: 32 columns, 50000 rows.
2026-09-27 23:11:18,548 [INFO] Extracting unified features for 50,000 candidate pairs...
2026-09-27 23:11:29,093 [INFO] Successfully generated full feature matrix: 32 columns, 50000 rows.
2026-09-27 23:11:50,311 [INFO] Extracting unified features for 50,000 candidate pairs...
2026-09-27 23:12:00,213 [INFO] Successfully generated full feature matrix: 32 columns, 50000 rows.
2026-09-27 23:12:19,524 [INFO] Extracting unified features for 50,000 candidate pairs...
2026-09-27 23:12:30,344 [INFO] Successfully generated full feature matrix: 32 columns, 50000 rows.
2026-09-27 23:12:51,103 [INFO] Extracting unified features for 50,000 candidate pairs...
2026-09-27 23:13:01,426 [INFO] Successfully generated full feature matrix: 32 columns, 50000 rows.
2026-09-27 23:13:21,537 [INFO] Extracting unified features for 50,000 candidate pairs...
2026-09-27 23:13:32,017 [INFO] Successfully generated full feature matrix: 32 columns, 50000 rows.
2026-09-27 23:13:53,120 [INFO] Extracting unified features for 50,000 candidate pairs...
2026-09-27 23:14:03,968 [INFO] Successfully generated full feature matrix: 32 columns, 50000 rows.
2026-09-27 23:14:40,318 [INFO] Extracting unified features for 50,000 candidate pairs...
2026-09-27 23:14:52,959 [INFO] Successfully generated full feature matrix: 32 columns, 50000 rows.
2026-09-27 23:15:20,752 [INFO] Extracting unified features for 50,000 candidate pairs...
2026-09-27 23:15:32,510 [INFO] Successfully generated full feature matrix: 32 columns, 50000 rows.
2026-09-27 23:15:51,415 [INFO] Extracting unified features for 50,000 candidate pairs...
2026-09-27 23:16:03,295 [INFO] Successfully generated full feature matrix: 32 columns, 50000 rows.
2026-09-27 23:16:22,511 [INFO] Extracting unified features for 50,000 candidate pairs...
2026-09-27 23:16:34,357 [INFO] Successfully generated full feature matrix: 32 columns, 50000 rows.
2026-09-27 23:16:51,648 [INFO] Extracting unified features for 50,000 candidate pairs...
2026-09-27 23:17:08,062 [INFO] Successfully generated full feature matrix: 32 columns, 50000 rows.
2026-09-27 23:17:35,583 [INFO] Extracting unified features for 50,000 candidate pairs...
2026-09-27 23:17:46,207 [INFO] Successfully generated full feature matrix: 32 columns, 50000 rows.
2026-09-27 23:18:08,059 [INFO] Extracting unified features for 50,000 candidate pairs...
2026-09-27 23:18:19,038 [INFO] Successfully generated full feature matrix: 32 columns, 50000 rows.
2026-09-27 23:18:46,243 [INFO] Extracting unified features for 50,000 candidate pairs...
2026-09-27 23:19:02,810 [INFO] Successfully generated full feature matrix: 32 columns, 50000 rows.
2026-09-27 23:19:33,893 [INFO] Extracting unified features for 50,000 candidate pairs...
2026-09-27 23:19:47,165 [INFO] Successfully generated full feature matrix: 32 columns, 50000 rows.
2026-09-27 23:20:15,367 [INFO] Extracting unified features for 50,000 candidate pairs...
2026-09-27 23:20:27,377 [INFO] Successfully generated full feature matrix: 32 columns, 50000 rows.
2026-09-27 23:20:56,932 [INFO] Extracting unified features for 50,000 candidate pairs...
2026-09-27 23:21:09,155 [INFO] Successfully generated full feature matrix: 32 columns, 50000 rows.
2026-09-27 23:21:34,371 [INFO] Extracting unified features for 50,000 candidate pairs...
2026-09-27 23:21:45,632 [INFO] Successfully generated full feature matrix: 32 columns, 50000 rows.
2026-09-27 23:22:09,926 [INFO] Extracting unified features for 50,000 candidate pairs...
2026-09-27 23:22:20,802 [INFO] Successfully generated full feature matrix: 32 columns, 50000 rows.
2026-09-27 23:22:50,321 [INFO] Extracting unified features for 50,000 candidate pairs...
2026-09-27 23:23:01,796 [INFO] Successfully generated full feature matrix: 32 columns, 50000 rows.
2026-09-27 23:23:11,374 [INFO] Extracting unified features for 13,858 candidate pairs...
2026-09-27 23:23:14,880 [INFO] Successfully generated full feature matrix: 32 columns, 13858 rows.
2026-09-27 23:23:20,453 [INFO] [India Chunk 13/17] 50000 S1 -> 1413858 pairs | Feat: 920.3s (1536.3 pairs/s) | Infer: 7.1s | Matches: 91068 (S2: 48162, S3: 42906) | RSS: 5676.1 MB
2026-09-27 23:23:23,473 [INFO] --> [Progress] Completed Chunk 13/17 | Chunk Matches: 91068 | Cumulative Matches: 1177423

2026-09-27 23:29:55,342 [INFO] Extracting unified features for 50,000 candidate pairs...
2026-09-27 23:30:51,678 [INFO] Successfully generated full feature matrix: 32 columns, 50000 rows.
2026-09-27 23:32:22,151 [INFO] Extracting unified features for 50,000 candidate pairs...
2026-09-27 23:33:00,316 [INFO] Successfully generated full feature matrix: 32 columns, 50000 rows.
2026-09-27 23:34:38,837 [INFO] Extracting unified features for 50,000 candidate pairs...
2026-09-27 23:35:22,747 [INFO] Successfully generated full feature matrix: 32 columns, 50000 rows.
2026-09-27 23:36:46,810 [INFO] Extracting unified features for 50,000 candidate pairs...
